// Jest Snapshot v1, https://goo.gl/fbAQLP

exports[`Given a PinPad component When it's rendered in the screen Then it should show the PinPad component 1`] = `
<div
  className="pinpad-container"
>
  <div
    className="pinpad-container_header"
  />
  <div
    className="display"
  />
  <ul
    className="pinpad"
  >
    <li>
      <button
        className="button"
        onClick={[Function]}
      >
        7
      </button>
    </li>
    <li>
      <button
        className="button"
        onClick={[Function]}
      >
        8
      </button>
    </li>
    <li>
      <button
        className="button"
        onClick={[Function]}
      >
        9
      </button>
    </li>
    <li>
      <button
        className="button"
        onClick={[Function]}
      >
        4
      </button>
    </li>
    <li>
      <button
        className="button"
        onClick={[Function]}
      >
        5
      </button>
    </li>
    <li>
      <button
        className="button"
        onClick={[Function]}
      >
        6
      </button>
    </li>
    <li>
      <button
        className="button"
        onClick={[Function]}
      >
        3
      </button>
    </li>
    <li>
      <button
        className="button"
        onClick={[Function]}
      >
        2
      </button>
    </li>
    <li>
      <button
        className="button"
        onClick={[Function]}
      >
        1
      </button>
    </li>
    <li>
      <button
        className="button"
        onClick={[Function]}
      >
        0
      </button>
    </li>
  </ul>
</div>
`;
